torch_nested.NestedSize(
  [
    (
      None,
      None
    ),
    2,
    {
      foo: None,
      bar: None,
      har: None
    },
    None,
    ObjectWithTensors(
      tensors: None
    ),
    ObjectWithData(
      data: None
    )
  ]
)
