torch_nested.Size(
  [
    (
      3,
      2
    ),
    2,
    {
      foo: 2,
      bar: None,
      har: None
    },
    None,
    ObjectWithTensors(
      tensors: 3
    ),
    ObjectWithData(
      data: 3
    )
  ]
)
