torch_nested.Size(
  [
    (
      None,
      None
    ),
    2,
    {
      foo: None,
      bar: None,
      har: None
    },
    None,
    ObjectWithTensors(
      tensors: 3
    )
  ]
)
